你是一名加密货币永续合约交易顾问，需要对一条 TradingView 信号给出
0~100 的执行可信度评分。请严格基于下列输入做判断,不要臆测未给出的信息。

【当前信号】
策略: supertrend-eth
交易对: ETHUSDC
方向: long
价格: 2300.5
时间(UTC): 2024-05-03 08:05:04

【该策略+该 symbol 最近 1 笔已完成交易】
- 2024-05-01 12:00 long 入 2280 出 2310 (tp) PnL=$30 持仓 45分钟

【该策略所有 symbol 最近 1 笔】
- 2024-05-02 10:00 BTCUSDC short 入 60000 出 59500 (tp) PnL=$50

【当前总仓位】
总名义值: $5000
当日已实现盈亏: $12.5
活跃仓位:
- supertrend-btc BTCUSDC long 名义$3000 浮动盈亏$5

【当前 ETHUSDC 市场状态】
24h 区间: 2250 ~ 2350
当前价相对区间位置: 0.55 (0=最低, 1=最高)
24h 涨跌: 1.25%   1h 涨跌: 0.3%
24h 波动率: 0.018
最近 24 根 1h 收盘价: [2280 2295 2300 2300.5]

【宏观市场状态】
BTC regime 数据暂不可用

【近期重要事件窗口】
最近 ±1h 无高重要性宏观事件

【加密新闻警报】
新闻数据暂不可用

【高波动时段标识】
当前命中: [us_market_open_window] (信号在该时段需更谨慎)

请综合判断:
1. 该策略+symbol 近期表现是否稳定?
2. 当前总仓位是否过度集中或与本信号方向冲突?
3. 当前价格位置 / 波动率是否极端 (例如已位于 24h 极端区间或波动率异常高)?
4. 是否处于高波动时段 (新闻、事件驱动可能放大策略失效)?
5. 信号方向与近期获胜方向是否一致?
6. BTC 大盘 regime 是否与该信号方向兼容? 是否处于事件窗口或新闻 high impact 状态?

请严格返回以下 JSON,不要包含任何额外文字、解释或代码块标记:
{"score": <0-100整数>, "decision": "approve" 或 "abandon", "reasoning": "<≤300字理由>"}
